Component: ARM Compiler 5.05 update 2 (build 169) Tool: armlink [4d0f33]

==============================================================================

Section Cross References

    startup_stm32f10x_md.o(RESET) refers to startup_stm32f10x_md.o(STACK) for __initial_sp
    startup_stm32f10x_md.o(RESET) refers to startup_stm32f10x_md.o(.text) for Reset_Handler
    startup_stm32f10x_md.o(.text) refers to entry.o(.ARM.Collect$$$$00000000) for __main
    cc10x_adc.o(.text) refers to cc10x_rcc.o(.text) for RCC_APB2PeriphResetCmd
    cc10x_bkp.o(.text) refers to cc10x_rcc.o(.text) for RCC_BackupResetCmd
    cc10x_can.o(.text) refers to cc10x_rcc.o(.text) for RCC_APB1PeriphResetCmd
    cc10x_dac.o(.text) refers to cc10x_rcc.o(.text) for RCC_APB1PeriphResetCmd
    cc10x_flash.o(.text) refers to cc10x_rcc.o(.text) for RCC_HSICmd
    cc10x_flash.o(.text) refers to cc10x_flash.o(.data) for tmp_cfgr
    cc10x_gpio.o(.text) refers to cc10x_rcc.o(.text) for RCC_APB2PeriphResetCmd
    cc10x_i2c.o(.text) refers to cc10x_rcc.o(.text) for RCC_APB1PeriphResetCmd
    cc10x_i2c.o(.text) refers to cc10x_i2c.o(.data) for I2C_DMA_DIR
    cc10x_pwr.o(.text) refers to cc10x_rcc.o(.text) for RCC_APB1PeriphResetCmd
    cc10x_rcc.o(.text) refers to cc10x_rcc.o(.data) for APBAHBPrescTable
    cc10x_tim.o(.text) refers to cc10x_rcc.o(.text) for RCC_APB2PeriphResetCmd
    cc10x_usart.o(.text) refers to cc10x_rcc.o(.text) for RCC_APB2PeriphResetCmd
    cc10x_wwdg.o(.text) refers to cc10x_rcc.o(.text) for RCC_APB1PeriphResetCmd
    main.o(.text) refers to cc10x_rcc.o(.text) for RCC_APB2PeriphClockCmd
    main.o(.text) refers to cc10x_gpio.o(.text) for GPIO_Init
    gpio_test.o(.text) refers to cc10x_rcc.o(.text) for RCC_APB2PeriphClockCmd
    gpio_test.o(.text) refers to cc10x_gpio.o(.text) for GPIO_Init
    gpio_test.o(.text) refers to cc10x_adc.o(.text) for ADC_Cmd
    gpio_test.o(.text) refers to cc10x_opamp.o(.text) for OPAMP_Init
    entry.o(.ARM.Collect$$$$00000000) refers (Special) to entry10a.o(.ARM.Collect$$$$0000000D) for __rt_final_cpp
    entry.o(.ARM.Collect$$$$00000000) refers (Special) to entry11a.o(.ARM.Collect$$$$0000000F) for __rt_final_exit
    entry.o(.ARM.Collect$$$$00000000) refers (Special) to entry7b.o(.ARM.Collect$$$$00000008) for _main_clock
    entry.o(.ARM.Collect$$$$00000000) refers (Special) to entry8b.o(.ARM.Collect$$$$0000000A) for _main_cpp_init
    entry.o(.ARM.Collect$$$$00000000) refers (Special) to entry9a.o(.ARM.Collect$$$$0000000B) for _main_init
    entry.o(.ARM.Collect$$$$00000000) refers (Special) to entry5.o(.ARM.Collect$$$$00000004) for _main_scatterload
    entry.o(.ARM.Collect$$$$00000000) refers (Special) to entry2.o(.ARM.Collect$$$$00000001) for _main_stk
    entry2.o(.ARM.Collect$$$$00000001) refers to entry2.o(.ARM.Collect$$$$00002712) for __lit__00000000
    entry2.o(.ARM.Collect$$$$00002712) refers to startup_stm32f10x_md.o(STACK) for __initial_sp
    entry2.o(__vectab_stack_and_reset_area) refers to startup_stm32f10x_md.o(STACK) for __initial_sp
    entry2.o(__vectab_stack_and_reset_area) refers to entry.o(.ARM.Collect$$$$00000000) for __main
    entry5.o(.ARM.Collect$$$$00000004) refers to init.o(.text) for __scatterload
    entry9a.o(.ARM.Collect$$$$0000000B) refers to main.o(.text) for main
    entry9b.o(.ARM.Collect$$$$0000000C) refers to main.o(.text) for main
    init.o(.text) refers to entry5.o(.ARM.Collect$$$$00000004) for __main_after_scatterload


==============================================================================

Removing Unused input sections from the image.

    Removing startup_stm32f10x_md.o(HEAP), (512 bytes).
    Removing cc10x_adc.o(.rev16_text), (4 bytes).
    Removing cc10x_adc.o(.revsh_text), (4 bytes).
    Removing cc10x_adc.o(.text), (620 bytes).
    Removing cc10x_bkp.o(.rev16_text), (4 bytes).
    Removing cc10x_bkp.o(.revsh_text), (4 bytes).
    Removing cc10x_bkp.o(.text), (172 bytes).
    Removing cc10x_can.o(.rev16_text), (4 bytes).
    Removing cc10x_can.o(.revsh_text), (4 bytes).
    Removing cc10x_can.o(.text), (1412 bytes).
    Removing cc10x_comp.o(.rev16_text), (4 bytes).
    Removing cc10x_comp.o(.revsh_text), (4 bytes).
    Removing cc10x_comp.o(.text), (232 bytes).
    Removing cc10x_crc.o(.rev16_text), (4 bytes).
    Removing cc10x_crc.o(.revsh_text), (4 bytes).
    Removing cc10x_crc.o(.text), (72 bytes).
    Removing cc10x_dac.o(.rev16_text), (4 bytes).
    Removing cc10x_dac.o(.revsh_text), (4 bytes).
    Removing cc10x_dac.o(.text), (348 bytes).
    Removing cc10x_exti.o(.rev16_text), (4 bytes).
    Removing cc10x_exti.o(.revsh_text), (4 bytes).
    Removing cc10x_exti.o(.text), (328 bytes).
    Removing cc10x_flash.o(.rev16_text), (4 bytes).
    Removing cc10x_flash.o(.revsh_text), (4 bytes).
    Removing cc10x_flash.o(.text), (1492 bytes).
    Removing cc10x_flash.o(.data), (8 bytes).
    Removing cc10x_gpio.o(.rev16_text), (4 bytes).
    Removing cc10x_gpio.o(.revsh_text), (4 bytes).
    Removing cc10x_i2c.o(.rev16_text), (4 bytes).
    Removing cc10x_i2c.o(.revsh_text), (4 bytes).
    Removing cc10x_i2c.o(.text), (856 bytes).
    Removing cc10x_i2c.o(.data), (4 bytes).
    Removing cc10x_iwdg.o(.rev16_text), (4 bytes).
    Removing cc10x_iwdg.o(.revsh_text), (4 bytes).
    Removing cc10x_iwdg.o(.text), (64 bytes).
    Removing cc10x_opamp.o(.rev16_text), (4 bytes).
    Removing cc10x_opamp.o(.revsh_text), (4 bytes).
    Removing cc10x_opamp.o(.text), (204 bytes).
    Removing cc10x_pwr.o(.rev16_text), (4 bytes).
    Removing cc10x_pwr.o(.revsh_text), (4 bytes).
    Removing cc10x_pwr.o(.text), (200 bytes).
    Removing cc10x_rcc.o(.rev16_text), (4 bytes).
    Removing cc10x_rcc.o(.revsh_text), (4 bytes).
    Removing cc10x_rtc.o(.rev16_text), (4 bytes).
    Removing cc10x_rtc.o(.revsh_text), (4 bytes).
    Removing cc10x_rtc.o(.text), (328 bytes).
    Removing cc10x_spi.o(.rev16_text), (4 bytes).
    Removing cc10x_spi.o(.revsh_text), (4 bytes).
    Removing cc10x_spi.o(.text), (376 bytes).
    Removing cc10x_tim.o(.rev16_text), (4 bytes).
    Removing cc10x_tim.o(.revsh_text), (4 bytes).
    Removing cc10x_tim.o(.text), (2912 bytes).
    Removing cc10x_usart.o(.rev16_text), (4 bytes).
    Removing cc10x_usart.o(.revsh_text), (4 bytes).
    Removing cc10x_usart.o(.text), (332 bytes).
    Removing cc10x_wwdg.o(.rev16_text), (4 bytes).
    Removing cc10x_wwdg.o(.revsh_text), (4 bytes).
    Removing cc10x_wwdg.o(.text), (124 bytes).
    Removing misc.o(.rev16_text), (4 bytes).
    Removing misc.o(.revsh_text), (4 bytes).
    Removing misc.o(.text), (216 bytes).
    Removing cc10x_dma.o(.rev16_text), (4 bytes).
    Removing cc10x_dma.o(.revsh_text), (4 bytes).
    Removing cc10x_dma.o(.text), (408 bytes).
    Removing main.o(.rev16_text), (4 bytes).
    Removing main.o(.revsh_text), (4 bytes).
    Removing gpio_test.o(.rev16_text), (4 bytes).
    Removing gpio_test.o(.revsh_text), (4 bytes).
    Removing gpio_test.o(.text), (888 bytes).

69 unused section(s) (total 12292 bytes) removed from the image.

==============================================================================

Image Symbol Table

    Local Symbols

    Symbol Name                              Value     Ov Type        Size  Object(Section)

    ../clib/microlib/init/entry.s            0x00000000   Number         0  entry8b.o ABSOLUTE
    ../clib/microlib/init/entry.s            0x00000000   Number         0  entry8a.o ABSOLUTE
    ../clib/microlib/init/entry.s            0x00000000   Number         0  entry7b.o ABSOLUTE
    ../clib/microlib/init/entry.s            0x00000000   Number         0  entry7a.o ABSOLUTE
    ../clib/microlib/init/entry.s            0x00000000   Number         0  entry5.o ABSOLUTE
    ../clib/microlib/init/entry.s            0x00000000   Number         0  entry9a.o ABSOLUTE
    ../clib/microlib/init/entry.s            0x00000000   Number         0  entry2.o ABSOLUTE
    ../clib/microlib/init/entry.s            0x00000000   Number         0  entry.o ABSOLUTE
    ../clib/microlib/init/entry.s            0x00000000   Number         0  entry11b.o ABSOLUTE
    ../clib/microlib/init/entry.s            0x00000000   Number         0  entry11a.o ABSOLUTE
    ../clib/microlib/init/entry.s            0x00000000   Number         0  entry10b.o ABSOLUTE
    ../clib/microlib/init/entry.s            0x00000000   Number         0  entry10a.o ABSOLUTE
    ../clib/microlib/init/entry.s            0x00000000   Number         0  entry9b.o ABSOLUTE
    MX02_stblib\\cc10x_adc.c                 0x00000000   Number         0  cc10x_adc.o ABSOLUTE
    MX02_stblib\\cc10x_bkp.c                 0x00000000   Number         0  cc10x_bkp.o ABSOLUTE
    MX02_stblib\\cc10x_can.c                 0x00000000   Number         0  cc10x_can.o ABSOLUTE
    MX02_stblib\\cc10x_comp.c                0x00000000   Number         0  cc10x_comp.o ABSOLUTE
    MX02_stblib\\cc10x_crc.c                 0x00000000   Number         0  cc10x_crc.o ABSOLUTE
    MX02_stblib\\cc10x_dac.c                 0x00000000   Number         0  cc10x_dac.o ABSOLUTE
    MX02_stblib\\cc10x_dma.c                 0x00000000   Number         0  cc10x_dma.o ABSOLUTE
    MX02_stblib\\cc10x_exti.c                0x00000000   Number         0  cc10x_exti.o ABSOLUTE
    MX02_stblib\\cc10x_flash.c               0x00000000   Number         0  cc10x_flash.o ABSOLUTE
    MX02_stblib\\cc10x_gpio.c                0x00000000   Number         0  cc10x_gpio.o ABSOLUTE
    MX02_stblib\\cc10x_i2c.c                 0x00000000   Number         0  cc10x_i2c.o ABSOLUTE
    MX02_stblib\\cc10x_iwdg.c                0x00000000   Number         0  cc10x_iwdg.o ABSOLUTE
    MX02_stblib\\cc10x_opamp.c               0x00000000   Number         0  cc10x_opamp.o ABSOLUTE
    MX02_stblib\\cc10x_pwr.c                 0x00000000   Number         0  cc10x_pwr.o ABSOLUTE
    MX02_stblib\\cc10x_rcc.c                 0x00000000   Number         0  cc10x_rcc.o ABSOLUTE
    MX02_stblib\\cc10x_rtc.c                 0x00000000   Number         0  cc10x_rtc.o ABSOLUTE
    MX02_stblib\\cc10x_spi.c                 0x00000000   Number         0  cc10x_spi.o ABSOLUTE
    MX02_stblib\\cc10x_tim.c                 0x00000000   Number         0  cc10x_tim.o ABSOLUTE
    MX02_stblib\\cc10x_usart.c               0x00000000   Number         0  cc10x_usart.o ABSOLUTE
    MX02_stblib\\cc10x_wwdg.c                0x00000000   Number         0  cc10x_wwdg.o ABSOLUTE
    MX02_stblib\\misc.c                      0x00000000   Number         0  misc.o ABSOLUTE
    MX02_stblib\cc10x_adc.c                  0x00000000   Number         0  cc10x_adc.o ABSOLUTE
    MX02_stblib\cc10x_bkp.c                  0x00000000   Number         0  cc10x_bkp.o ABSOLUTE
    MX02_stblib\cc10x_can.c                  0x00000000   Number         0  cc10x_can.o ABSOLUTE
    MX02_stblib\cc10x_comp.c                 0x00000000   Number         0  cc10x_comp.o ABSOLUTE
    MX02_stblib\cc10x_crc.c                  0x00000000   Number         0  cc10x_crc.o ABSOLUTE
    MX02_stblib\cc10x_dac.c                  0x00000000   Number         0  cc10x_dac.o ABSOLUTE
    MX02_stblib\cc10x_dma.c                  0x00000000   Number         0  cc10x_dma.o ABSOLUTE
    MX02_stblib\cc10x_exti.c                 0x00000000   Number         0  cc10x_exti.o ABSOLUTE
    MX02_stblib\cc10x_flash.c                0x00000000   Number         0  cc10x_flash.o ABSOLUTE
    MX02_stblib\cc10x_gpio.c                 0x00000000   Number         0  cc10x_gpio.o ABSOLUTE
    MX02_stblib\cc10x_i2c.c                  0x00000000   Number         0  cc10x_i2c.o ABSOLUTE
    MX02_stblib\cc10x_iwdg.c                 0x00000000   Number         0  cc10x_iwdg.o ABSOLUTE
    MX02_stblib\cc10x_opamp.c                0x00000000   Number         0  cc10x_opamp.o ABSOLUTE
    MX02_stblib\cc10x_pwr.c                  0x00000000   Number         0  cc10x_pwr.o ABSOLUTE
    MX02_stblib\cc10x_rcc.c                  0x00000000   Number         0  cc10x_rcc.o ABSOLUTE
    MX02_stblib\cc10x_rtc.c                  0x00000000   Number         0  cc10x_rtc.o ABSOLUTE
    MX02_stblib\cc10x_spi.c                  0x00000000   Number         0  cc10x_spi.o ABSOLUTE
    MX02_stblib\cc10x_tim.c                  0x00000000   Number         0  cc10x_tim.o ABSOLUTE
    MX02_stblib\cc10x_usart.c                0x00000000   Number         0  cc10x_usart.o ABSOLUTE
    MX02_stblib\cc10x_wwdg.c                 0x00000000   Number         0  cc10x_wwdg.o ABSOLUTE
    MX02_stblib\misc.c                       0x00000000   Number         0  misc.o ABSOLUTE
    bsp\\gpio_test.c                         0x00000000   Number         0  gpio_test.o ABSOLUTE
    bsp\\main.c                              0x00000000   Number         0  main.o ABSOLUTE
    bsp\gpio_test.c                          0x00000000   Number         0  gpio_test.o ABSOLUTE
    bsp\main.c                               0x00000000   Number         0  main.o ABSOLUTE
    dc.s                                     0x00000000   Number         0  dc.o ABSOLUTE
    handlers.s                               0x00000000   Number         0  handlers.o ABSOLUTE
    init.s                                   0x00000000   Number         0  init.o ABSOLUTE
    startup_stm32f10x_md.s                   0x00000000   Number         0  startup_stm32f10x_md.o ABSOLUTE
    RESET                                    0x08000000   Section      244  startup_stm32f10x_md.o(RESET)
    .ARM.Collect$$$$00000000                 0x080000f4   Section        0  entry.o(.ARM.Collect$$$$00000000)
    .ARM.Collect$$$$00000001                 0x080000f4   Section        4  entry2.o(.ARM.Collect$$$$00000001)
    .ARM.Collect$$$$00000004                 0x080000f8   Section        4  entry5.o(.ARM.Collect$$$$00000004)
    .ARM.Collect$$$$00000008                 0x080000fc   Section        0  entry7b.o(.ARM.Collect$$$$00000008)
    .ARM.Collect$$$$0000000A                 0x080000fc   Section        0  entry8b.o(.ARM.Collect$$$$0000000A)
    .ARM.Collect$$$$0000000B                 0x080000fc   Section        8  entry9a.o(.ARM.Collect$$$$0000000B)
    .ARM.Collect$$$$0000000D                 0x08000104   Section        0  entry10a.o(.ARM.Collect$$$$0000000D)
    .ARM.Collect$$$$0000000F                 0x08000104   Section        0  entry11a.o(.ARM.Collect$$$$0000000F)
    .ARM.Collect$$$$00002712                 0x08000104   Section        4  entry2.o(.ARM.Collect$$$$00002712)
    __lit__00000000                          0x08000104   Data           4  entry2.o(.ARM.Collect$$$$00002712)
    .text                                    0x08000108   Section       28  startup_stm32f10x_md.o(.text)
    .text                                    0x08000124   Section        0  cc10x_gpio.o(.text)
    .text                                    0x08000448   Section        0  cc10x_rcc.o(.text)
    .text                                    0x0800092c   Section        0  main.o(.text)
    .text                                    0x08000970   Section       36  init.o(.text)
    i.__scatterload_copy                     0x08000994   Section       14  handlers.o(i.__scatterload_copy)
    i.__scatterload_null                     0x080009a2   Section        2  handlers.o(i.__scatterload_null)
    i.__scatterload_zeroinit                 0x080009a4   Section       14  handlers.o(i.__scatterload_zeroinit)
    .data                                    0x20000000   Section       20  cc10x_rcc.o(.data)
    APBAHBPrescTable                         0x20000000   Data          16  cc10x_rcc.o(.data)
    ADCPrescTable                            0x20000010   Data           4  cc10x_rcc.o(.data)
    STACK                                    0x20000018   Section     1024  startup_stm32f10x_md.o(STACK)

    Global Symbols

    Symbol Name                              Value     Ov Type        Size  Object(Section)

    BuildAttributes$$THM_ISAv4$P$D$K$B$S$PE$A:L22UL41UL21$X:L11$S22US41US21$IEEE1$IW$USESV6$~STKCKD$USESV7$~SHL$OSPACE$EBA8$MICROLIB$REQ8$PRES8$EABIv2 0x00000000   Number         0  anon$$obj.o ABSOLUTE
    __ARM_use_no_argv                        0x00000000   Number         0  main.o ABSOLUTE
    __cpp_initialize__aeabi_                  - Undefined Weak Reference
    __cxa_finalize                            - Undefined Weak Reference
    __decompress                              - Undefined Weak Reference
    _clock_init                               - Undefined Weak Reference
    _microlib_exit                            - Undefined Weak Reference
    __Vectors_Size                           0x000000f4   Number         0  startup_stm32f10x_md.o ABSOLUTE
    __Vectors                                0x08000000   Data           4  startup_stm32f10x_md.o(RESET)
    __Vectors_End                            0x080000f4   Data           0  startup_stm32f10x_md.o(RESET)
    __main                                   0x080000f5   Thumb Code     0  entry.o(.ARM.Collect$$$$00000000)
    _main_stk                                0x080000f5   Thumb Code     0  entry2.o(.ARM.Collect$$$$00000001)
    _main_scatterload                        0x080000f9   Thumb Code     0  entry5.o(.ARM.Collect$$$$00000004)
    __main_after_scatterload                 0x080000fd   Thumb Code     0  entry5.o(.ARM.Collect$$$$00000004)
    _main_clock                              0x080000fd   Thumb Code     0  entry7b.o(.ARM.Collect$$$$00000008)
    _main_cpp_init                           0x080000fd   Thumb Code     0  entry8b.o(.ARM.Collect$$$$0000000A)
    _main_init                               0x080000fd   Thumb Code     0  entry9a.o(.ARM.Collect$$$$0000000B)
    __rt_final_cpp                           0x08000105   Thumb Code     0  entry10a.o(.ARM.Collect$$$$0000000D)
    __rt_final_exit                          0x08000105   Thumb Code     0  entry11a.o(.ARM.Collect$$$$0000000F)
    Reset_Handler                            0x08000109   Thumb Code     4  startup_stm32f10x_md.o(.text)
    NMI_Handler                              0x0800010d   Thumb Code     2  startup_stm32f10x_md.o(.text)
    HardFault_Handler                        0x0800010f   Thumb Code     2  startup_stm32f10x_md.o(.text)
    MemManage_Handler                        0x08000111   Thumb Code     2  startup_stm32f10x_md.o(.text)
    BusFault_Handler                         0x08000113   Thumb Code     2  startup_stm32f10x_md.o(.text)
    UsageFault_Handler                       0x08000115   Thumb Code     2  startup_stm32f10x_md.o(.text)
    SVC_Handler                              0x08000117   Thumb Code     2  startup_stm32f10x_md.o(.text)
    DebugMon_Handler                         0x08000119   Thumb Code     2  startup_stm32f10x_md.o(.text)
    PendSV_Handler                           0x0800011b   Thumb Code     2  startup_stm32f10x_md.o(.text)
    SysTick_Handler                          0x0800011d   Thumb Code     2  startup_stm32f10x_md.o(.text)
    ADC1_2_IRQHandler                        0x0800011f   Thumb Code     0  startup_stm32f10x_md.o(.text)
    CAN1_RX1_IRQHandler                      0x0800011f   Thumb Code     0  startup_stm32f10x_md.o(.text)
    CAN1_SCE_IRQHandler                      0x0800011f   Thumb Code     0  startup_stm32f10x_md.o(.text)
    CPT1_IRQHandler                          0x0800011f   Thumb Code     0  startup_stm32f10x_md.o(.text)
    CPT2_IRQHandler                          0x0800011f   Thumb Code     0  startup_stm32f10x_md.o(.text)
    DMA1_Channel1_IRQHandler                 0x0800011f   Thumb Code     0  startup_stm32f10x_md.o(.text)
    DMA1_Channel2_IRQHandler                 0x0800011f   Thumb Code     0  startup_stm32f10x_md.o(.text)
    DMA1_Channel3_IRQHandler                 0x0800011f   Thumb Code     0  startup_stm32f10x_md.o(.text)
    DMA1_Channel4_IRQHandler                 0x0800011f   Thumb Code     0  startup_stm32f10x_md.o(.text)
    DMA1_Channel5_IRQHandler                 0x0800011f   Thumb Code     0  startup_stm32f10x_md.o(.text)
    DMA1_Channel6_IRQHandler                 0x0800011f   Thumb Code     0  startup_stm32f10x_md.o(.text)
    DMA1_Channel7_IRQHandler                 0x0800011f   Thumb Code     0  startup_stm32f10x_md.o(.text)
    EXTI0_IRQHandler                         0x0800011f   Thumb Code     0  startup_stm32f10x_md.o(.text)
    EXTI15_10_IRQHandler                     0x0800011f   Thumb Code     0  startup_stm32f10x_md.o(.text)
    EXTI1_IRQHandler                         0x0800011f   Thumb Code     0  startup_stm32f10x_md.o(.text)
    EXTI2_IRQHandler                         0x0800011f   Thumb Code     0  startup_stm32f10x_md.o(.text)
    EXTI3_IRQHandler                         0x0800011f   Thumb Code     0  startup_stm32f10x_md.o(.text)
    EXTI4_IRQHandler                         0x0800011f   Thumb Code     0  startup_stm32f10x_md.o(.text)
    EXTI9_5_IRQHandler                       0x0800011f   Thumb Code     0  startup_stm32f10x_md.o(.text)
    FLASH_IRQHandler                         0x0800011f   Thumb Code     0  startup_stm32f10x_md.o(.text)
    I2C1_ER_IRQHandler                       0x0800011f   Thumb Code     0  startup_stm32f10x_md.o(.text)
    I2C1_EV_IRQHandler                       0x0800011f   Thumb Code     0  startup_stm32f10x_md.o(.text)
    I2C2_ER_IRQHandler                       0x0800011f   Thumb Code     0  startup_stm32f10x_md.o(.text)
    I2C2_EV_IRQHandler                       0x0800011f   Thumb Code     0  startup_stm32f10x_md.o(.text)
    PVD_IRQHandler                           0x0800011f   Thumb Code     0  startup_stm32f10x_md.o(.text)
    RCC_IRQHandler                           0x0800011f   Thumb Code     0  startup_stm32f10x_md.o(.text)
    RTCAlarm_IRQHandler                      0x0800011f   Thumb Code     0  startup_stm32f10x_md.o(.text)
    RTC_IRQHandler                           0x0800011f   Thumb Code     0  startup_stm32f10x_md.o(.text)
    SPI1_IRQHandler                          0x0800011f   Thumb Code     0  startup_stm32f10x_md.o(.text)
    SPI2_IRQHandler                          0x0800011f   Thumb Code     0  startup_stm32f10x_md.o(.text)
    TAMPER_IRQHandler                        0x0800011f   Thumb Code     0  startup_stm32f10x_md.o(.text)
    TIM1_BRK_IRQHandler                      0x0800011f   Thumb Code     0  startup_stm32f10x_md.o(.text)
    TIM1_CC_IRQHandler                       0x0800011f   Thumb Code     0  startup_stm32f10x_md.o(.text)
    TIM1_TRG_COM_IRQHandler                  0x0800011f   Thumb Code     0  startup_stm32f10x_md.o(.text)
    TIM1_UP_IRQHandler                       0x0800011f   Thumb Code     0  startup_stm32f10x_md.o(.text)
    TIM2_IRQHandler                          0x0800011f   Thumb Code     0  startup_stm32f10x_md.o(.text)
    TIM3_IRQHandler                          0x0800011f   Thumb Code     0  startup_stm32f10x_md.o(.text)
    TIM4_IRQHandler                          0x0800011f   Thumb Code     0  startup_stm32f10x_md.o(.text)
    USART1_IRQHandler                        0x0800011f   Thumb Code     0  startup_stm32f10x_md.o(.text)
    USART2_IRQHandler                        0x0800011f   Thumb Code     0  startup_stm32f10x_md.o(.text)
    USART3_IRQHandler                        0x0800011f   Thumb Code     0  startup_stm32f10x_md.o(.text)
    USBWakeUp_IRQHandler                     0x0800011f   Thumb Code     0  startup_stm32f10x_md.o(.text)
    USB_HP_CAN1_TX_IRQHandler                0x0800011f   Thumb Code     0  startup_stm32f10x_md.o(.text)
    USB_LP_CAN1_RX0_IRQHandler               0x0800011f   Thumb Code     0  startup_stm32f10x_md.o(.text)
    WWDG_IRQHandler                          0x0800011f   Thumb Code     0  startup_stm32f10x_md.o(.text)
    GPIO_DeInit                              0x08000125   Thumb Code   188  cc10x_gpio.o(.text)
    GPIO_AFIODeInit                          0x080001e1   Thumb Code    20  cc10x_gpio.o(.text)
    GPIO_Init                                0x080001f5   Thumb Code   278  cc10x_gpio.o(.text)
    GPIO_StructInit                          0x0800030b   Thumb Code    16  cc10x_gpio.o(.text)
    GPIO_ReadInputDataBit                    0x0800031b   Thumb Code    18  cc10x_gpio.o(.text)
    GPIO_ReadInputData                       0x0800032d   Thumb Code     8  cc10x_gpio.o(.text)
    GPIO_ReadOutputDataBit                   0x08000335   Thumb Code    18  cc10x_gpio.o(.text)
    GPIO_ReadOutputData                      0x08000347   Thumb Code     8  cc10x_gpio.o(.text)
    GPIO_SetBits                             0x0800034f   Thumb Code     4  cc10x_gpio.o(.text)
    GPIO_ResetBits                           0x08000353   Thumb Code     4  cc10x_gpio.o(.text)
    GPIO_WriteBit                            0x08000357   Thumb Code    10  cc10x_gpio.o(.text)
    GPIO_Write                               0x08000361   Thumb Code     4  cc10x_gpio.o(.text)
    GPIO_PinLockConfig                       0x08000365   Thumb Code    18  cc10x_gpio.o(.text)
    GPIO_EventOutputConfig                   0x08000377   Thumb Code    26  cc10x_gpio.o(.text)
    GPIO_EventOutputCmd                      0x08000391   Thumb Code     6  cc10x_gpio.o(.text)
    GPIO_PinRemapConfig                      0x08000397   Thumb Code    94  cc10x_gpio.o(.text)
    GPIO_EXTILineConfig                      0x080003f5   Thumb Code    66  cc10x_gpio.o(.text)
    RCC_DeInit                               0x08000449   Thumb Code    62  cc10x_rcc.o(.text)
    RCC_HSEConfig                            0x08000487   Thumb Code    70  cc10x_rcc.o(.text)
    RCC_GetFlagStatus                        0x080004cd   Thumb Code    56  cc10x_rcc.o(.text)
    RCC_WaitForHSEStartUp                    0x08000505   Thumb Code    54  cc10x_rcc.o(.text)
    RCC_AdjustHSICalibrationValue            0x0800053b   Thumb Code    20  cc10x_rcc.o(.text)
    RCC_HSICmd                               0x0800054f   Thumb Code     6  cc10x_rcc.o(.text)
    RCC_PLLDMDNConfig                        0x08000555   Thumb Code    38  cc10x_rcc.o(.text)
    RCC_PLLConfig                            0x0800057b   Thumb Code   274  cc10x_rcc.o(.text)
    RCC_PLLCmd                               0x0800068d   Thumb Code     6  cc10x_rcc.o(.text)
    RCC_SYSCLKConfig                         0x08000693   Thumb Code    18  cc10x_rcc.o(.text)
    RCC_GetSYSCLKSource                      0x080006a5   Thumb Code    10  cc10x_rcc.o(.text)
    RCC_HCLKConfig                           0x080006af   Thumb Code    18  cc10x_rcc.o(.text)
    RCC_PCLK1Config                          0x080006c1   Thumb Code    18  cc10x_rcc.o(.text)
    RCC_PCLK2Config                          0x080006d3   Thumb Code    20  cc10x_rcc.o(.text)
    RCC_ITConfig                             0x080006e7   Thumb Code    26  cc10x_rcc.o(.text)
    RCC_USBCLKConfig                         0x08000701   Thumb Code     8  cc10x_rcc.o(.text)
    RCC_ADCCLKConfig                         0x08000709   Thumb Code    18  cc10x_rcc.o(.text)
    RCC_LSEConfig                            0x0800071b   Thumb Code    50  cc10x_rcc.o(.text)
    RCC_LSICmd                               0x0800074d   Thumb Code     6  cc10x_rcc.o(.text)
    RCC_RTCCLKConfig                         0x08000753   Thumb Code    12  cc10x_rcc.o(.text)
    RCC_RTCCLKCmd                            0x0800075f   Thumb Code     8  cc10x_rcc.o(.text)
    RCC_GetClocksFreq                        0x08000767   Thumb Code   254  cc10x_rcc.o(.text)
    RCC_AHBPeriphClockCmd                    0x08000865   Thumb Code    26  cc10x_rcc.o(.text)
    RCC_APB2PeriphClockCmd                   0x0800087f   Thumb Code    26  cc10x_rcc.o(.text)
    RCC_APB1PeriphClockCmd                   0x08000899   Thumb Code    26  cc10x_rcc.o(.text)
    RCC_APB2PeriphResetCmd                   0x080008b3   Thumb Code    26  cc10x_rcc.o(.text)
    RCC_APB1PeriphResetCmd                   0x080008cd   Thumb Code    26  cc10x_rcc.o(.text)
    RCC_BackupResetCmd                       0x080008e7   Thumb Code     6  cc10x_rcc.o(.text)
    RCC_ClockSecuritySystemCmd               0x080008ed   Thumb Code     6  cc10x_rcc.o(.text)
    RCC_MCOConfig                            0x080008f3   Thumb Code     6  cc10x_rcc.o(.text)
    RCC_ClearFlag                            0x080008f9   Thumb Code    14  cc10x_rcc.o(.text)
    RCC_GetITStatus                          0x08000907   Thumb Code    20  cc10x_rcc.o(.text)
    RCC_ClearITPendingBit                    0x0800091b   Thumb Code     6  cc10x_rcc.o(.text)
    main                                     0x0800092d   Thumb Code    62  main.o(.text)
    __scatterload                            0x08000971   Thumb Code    28  init.o(.text)
    __scatterload_rt2                        0x08000971   Thumb Code     0  init.o(.text)
    __scatterload_copy                       0x08000995   Thumb Code    14  handlers.o(i.__scatterload_copy)
    __scatterload_null                       0x080009a3   Thumb Code     2  handlers.o(i.__scatterload_null)
    __scatterload_zeroinit                   0x080009a5   Thumb Code    14  handlers.o(i.__scatterload_zeroinit)
    Region$$Table$$Base                      0x080009b4   Number         0  anon$$obj.o(Region$$Table)
    Region$$Table$$Limit                     0x080009d4   Number         0  anon$$obj.o(Region$$Table)
    __initial_sp                             0x20000418   Data           0  startup_stm32f10x_md.o(STACK)



==============================================================================

Memory Map of the image

  Image Entry point : 0x080000f5

  Load Region LR_IROM1 (Base: 0x08000000, Size: 0x000009e8, Max: 0x00004000, ABSOLUTE)

    Execution Region ER_IROM1 (Base: 0x08000000, Size: 0x000009d4, Max: 0x00004000, ABSOLUTE)

    Base Addr    Size         Type   Attr      Idx    E Section Name        Object

    0x08000000   0x000000f4   Data   RO            3    RESET               startup_stm32f10x_md.o
    0x080000f4   0x00000000   Code   RO          568  * .ARM.Collect$$$$00000000  mc_w.l(entry.o)
    0x080000f4   0x00000004   Code   RO          571    .ARM.Collect$$$$00000001  mc_w.l(entry2.o)
    0x080000f8   0x00000004   Code   RO          574    .ARM.Collect$$$$00000004  mc_w.l(entry5.o)
    0x080000fc   0x00000000   Code   RO          576    .ARM.Collect$$$$00000008  mc_w.l(entry7b.o)
    0x080000fc   0x00000000   Code   RO          578    .ARM.Collect$$$$0000000A  mc_w.l(entry8b.o)
    0x080000fc   0x00000008   Code   RO          579    .ARM.Collect$$$$0000000B  mc_w.l(entry9a.o)
    0x08000104   0x00000000   Code   RO          581    .ARM.Collect$$$$0000000D  mc_w.l(entry10a.o)
    0x08000104   0x00000000   Code   RO          583    .ARM.Collect$$$$0000000F  mc_w.l(entry11a.o)
    0x08000104   0x00000004   Code   RO          572    .ARM.Collect$$$$00002712  mc_w.l(entry2.o)
    0x08000108   0x0000001c   Code   RO            4    .text               startup_stm32f10x_md.o
    0x08000124   0x00000324   Code   RO          222    .text               cc10x_gpio.o
    0x08000448   0x000004e4   Code   RO          340    .text               cc10x_rcc.o
    0x0800092c   0x00000044   Code   RO          523    .text               main.o
    0x08000970   0x00000024   Code   RO          585    .text               mc_w.l(init.o)
    0x08000994   0x0000000e   Code   RO          589    i.__scatterload_copy  mc_w.l(handlers.o)
    0x080009a2   0x00000002   Code   RO          590    i.__scatterload_null  mc_w.l(handlers.o)
    0x080009a4   0x0000000e   Code   RO          591    i.__scatterload_zeroinit  mc_w.l(handlers.o)
    0x080009b2   0x00000002   PAD
    0x080009b4   0x00000020   Data   RO          587    Region$$Table       anon$$obj.o


    Execution Region RW_IRAM1 (Base: 0x20000000, Size: 0x00000418, Max: 0x00001000, ABSOLUTE)

    Base Addr    Size         Type   Attr      Idx    E Section Name        Object

    0x20000000   0x00000014   Data   RW          341    .data               cc10x_rcc.o
    0x20000014   0x00000004   PAD
    0x20000018   0x00000400   Zero   RW            1    STACK               startup_stm32f10x_md.o


==============================================================================

Image component sizes


      Code (inc. data)   RO Data    RW Data    ZI Data      Debug   Object Name

         0          0          0          0          0     166024   cc10x_adc.o
       804         18          0          0          0      11775   cc10x_gpio.o
      1252         54          0         20          0       9342   cc10x_rcc.o
        68          6          0          0          0        559   main.o
        28          4        244          0       1024        804   startup_stm32f10x_md.o

    ----------------------------------------------------------------------
      2152         82        276         20       1028     188504   Object Totals
         0          0         32          0          0          0   (incl. Generated)
         0          0          0          0          4          0   (incl. Padding)

    ----------------------------------------------------------------------

      Code (inc. data)   RO Data    RW Data    ZI Data      Debug   Library Member Name

         0          0          0          0          0          0   entry.o
         0          0          0          0          0          0   entry10a.o
         0          0          0          0          0          0   entry11a.o
         8          4          0          0          0          0   entry2.o
         4          0          0          0          0          0   entry5.o
         0          0          0          0          0          0   entry7b.o
         0          0          0          0          0          0   entry8b.o
         8          4          0          0          0          0   entry9a.o
        30          0          0          0          0          0   handlers.o
        36          8          0          0          0         68   init.o

    ----------------------------------------------------------------------
        88         16          0          0          0         68   Library Totals
         2          0          0          0          0          0   (incl. Padding)

    ----------------------------------------------------------------------

      Code (inc. data)   RO Data    RW Data    ZI Data      Debug   Library Name

        86         16          0          0          0         68   mc_w.l

    ----------------------------------------------------------------------
        88         16          0          0          0         68   Library Totals

    ----------------------------------------------------------------------

==============================================================================


      Code (inc. data)   RO Data    RW Data    ZI Data      Debug   

      2240         98        276         20       1028     188516   Grand Totals
      2240         98        276         20       1028     188516   ELF Image Totals
      2240         98        276         20          0          0   ROM Totals

==============================================================================

    Total RO  Size (Code + RO Data)                 2516 (   2.46kB)
    Total RW  Size (RW Data + ZI Data)              1048 (   1.02kB)
    Total ROM Size (Code + RO Data + RW Data)       2536 (   2.48kB)

==============================================================================

